// Jest Snapshot v1, https://goo.gl/fbAQLP

exports[`MovieDetailPage tests renders correctly 1`] = `ShallowWrapper {}`;
