// Jest Snapshot v1, https://goo.gl/fbAQLP

exports[`MovieList tests Snapshot test 1`] = `
<div
  className="container"
>
  <div
    className="movie-list-container row"
  >
    <div
      className="col-lg-4 col-md-6 col-sm-12"
    >
      <a
        href="/movie/123"
        onClick={[Function]}
      >
        <div
          className="poster-container"
        >
          <img
            alt="poster-preview"
            className="poster-container__img"
            src="https://image.tmdb.org/t/p/w342//movie/124213"
          />
          <div
            className="poster-container__header"
          >
            <span
              className="poster-container__header-title"
            >
              matrix
            </span>
            <span
              className="poster-container__header-subtitle"
            >
              213
              /10 
              Mond
            </span>
          </div>
        </div>
      </a>
    </div>
  </div>
</div>
`;
